15:19:35 **** Build of configuration Debug for project compres ****
make pre-build main-build 
a9-linaro-pre-build-step
 
Building file: ../src/main.cc
Invoking: ARM v7 g++ compiler
arm-none-eabi-g++ -Wall -O0 -g3 -c -fmessage-length=0 -MT"src/main.o" -mcpu=cortex-a9 -mfpu=vfpv3 -mfloat-abi=hard -I../../compres_bsp/ps7_cortexa9_0/include -MMD -MP -MF"src/main.d" -MT"src/main.o" -o "src/main.o" "../src/main.cc"
Finished building: ../src/main.cc
 
Building target: compres.elf
Invoking: ARM v7 g++ linker
arm-none-eabi-g++ -mcpu=cortex-a9 -mfpu=vfpv3 -mfloat-abi=hard -Wl,-build-id=none -specs=Xilinx.spec -Wl,-T -Wl,../src/lscript.ld -L../../compres_bsp/ps7_cortexa9_0/lib -o "compres.elf"  ./src/main.o   -Wl,--start-group,-lxil,-lgcc,-lc,-lstdc++,--end-group
Finished building target: compres.elf
 
Invoking: ARM v7 Print Size
arm-none-eabi-size compres.elf  |tee "compres.elf.size"
   text	   data	    bss	    dec	    hex	filename
  19056	   1148	  22576	  42780	   a71c	compres.elf
Finished building: compres.elf.size
 

15:19:38 Build Finished (took 2s.753ms)

